border_size=1
usage=map

Gs^Fp       , Gs^Fp       , Gs^Fp       , Gs^Fp       , Gs^Fp       , Gs^Fp       , Gs^Fp       , Gs^Fp       , Rd          , Gs^Fp       , Gs^Fp       , Gs^Fp       , Gs^Fp       , Gs^Fp       , Re          , Gs^Fp       , Gs^Fp       , Gs^Fp       , Gs^Fp       , Gs^Fp       , Gs^Fp       , Gs^Fp       , Gs^Fp       , Gs^Fp       , Gs^Fp       , Gs^Fp       , Gs^Fp       , Gs^Fp       , Gs^Fp       , Gs^Fp       , Gs^Fp       , Gs^Fp       , Gs^Fp       , Gs^Fp       , Gs          , Gs^Fp       , Gs^Fp       , Gs^Fp       , Gs^Fp       , Gs^Fp       , Gs^Fp       , Gs^Fp       , Gs^Fp       , Gs^Fp       , Gs          , Gs          , Gs^Fp       , Gs^Fp       , Hh          , Gs^Fp       , Rd          , Gs^Fp       
Gs^Fp       , Gs^Fp       , Gs^Fp       , Gs^Fp       , Re          , Gs^Fp       , Gs^Fp       , Gs^Fp       , Rd          , Gs^Fp       , Re          , Gs^Fp       , Gs^Fp       , Gs^Fp       , Gs^Fp       , Gs^Fp       , Gs^Fp       , Re          , Gs^Fp       , Gs^Fp       , Gs          , Gs^Fp       , Gs^Fp       , Gs^Fp       , Gs          , Gs^Fp       , Gs^Fp       , Gs^Fp       , Gs          , Gs^Fp       , Gs^Fp       , Gs^Fp       , Gs^Fp       , Gs^Fp       , Gs^Fp       , Gs^Fp       , Gs^Fp       , Gs^Fp       , Gs          , Gs^Fp       , Gs^Fp       , Gs^Fp       , Gs^Fp       , Gs          , Gs^Fp       , Gs          , Rd          , Hh          , Rd          , Rd          , Hh          , Hh          
Gs^Fp       , Gs^Fp       , Gs^Fp       , Gs^Fp       , Gs^Vht      , Re          , Gs^Fp       , Gs^Fp       , Rd          , Gs^Fp       , Gs^Fp       , Re          , Gs^Fp       , Re          , Gs^Fp       , Gs^Fp       , Hh          , Gs^Fp       , Gs^Fp       , Gs^Fp       , Gs^Fp       , Gs          , Gs^Fp       , Gs^Fp       , Gs^Fp       , Gs^Fp       , Gs^Fp       , Gs^Fp       , Gs^Fp       , Gs          , Gs^Fp       , Gs^Fp       , Gs^Fp       , Gg^Fet      , Gs^Fp       , Gs^Fp       , Gs^Fp       , Gs^Fp       , Gs          , Gs^Fp       , Gs          , Gs          , Gs^Fp       , Gs^Fp       , Rd          , Rd          , Gs^Fp       , Rd          , Gs^Fp       , Hh          , Gs^Fp       , Hh          
Gs^Fp       , Gs^Fp       , Gs^Fp       , Gs^Fp       , Gs^Fp       , Re          , Gs^Fp       , Gs^Fp       , Rd          , Gs^Fp       , Re          , Gs^Fp       , Gs^Fp       , Gs^Fp       , Gs^Fp       , Hh          , Gs^Fp       , Hh          , Hh          , Gs^Fp       , Gs^Fp       , Gs          , Gs^Fp       , Gg^Fet      , Gs^Fp       , Gs^Fp       , Hh          , Hh          , Hh          , Gs^Fp       , Gs^Fp       , Gs^Fp       , Gs^Fp       , Gs^Fp       , Gs          , Gs          , Gs^Fp       , Gs^Fp       , Gs^Fp       , Gs^Fp       , Gs          , Gs          , Rd          , Rd          , Gs^Fp       , Gs^Fp       , Gs^Fp       , Gs^Fp       , Gs^Fp       , Hh          , Hh          , Hh          
Gs^Fp       , Re          , Re          , Gs^Fp       , Gg^Fet      , Gs^Fp       , Gs^Fp       , Gs^Fp       , Rd          , Gs^Fp       , Gs^Fp       , Gs^Fp       , Gs^Fp       , Gg^Fet      , Re          , Gs^Fp       , Re          , Gs^Fp       , Hh          , Gs^Fp       , Hh          , Gs^Fp       , Hh          , Gs^Fp       , Gg^Ve       , Gs^Fp       , Gs^Fp       , Hh          , Hh          , Gs^Fp       , Gs          , Gs          , Gs^Fp       , Gs^Fp       , Gs^Fp       , Gs^Fp       , Gs^Fp       , Gg^Ve       , Gs^Fp       , Gs^Fp       , Rd          , Rd          , Gs^Fp       , Gs^Fp       , Gs^Vht      , Gs^Fp       , Gs^Fp       , Gs^Fp       , Hh          , Hh          , Hh          , Gs^Fp       
Gs^Fp       , Gs^Fp       , Gs^Fp       , Gs^Fp       , Gs^Fp       , Gs^Fp       , Ss          , Gs^Fp       , Rd          , Gs^Fp       , Ss          , Ss          , Gs^Fp       , Gs^Fp       , Gs^Fp       , Gs^Fp       , Gs^Fp       , Gs^Fp       , Gs^Fp       , Hh          , Gs^Fp       , Hh          , Gs^Fp       , Hh          , Hh          , Hh          , Hh          , Hh          , Hh          , Gs^Fp       , Gs^Fp       , Gs          , Gs          , Gs^Fp       , Gs^Fp       , Gs^Fp       , Rd          , Rd          , Rd          , Rd          , Gs^Fp       , Gs^Fp       , Gg^Fet      , Gs^Fp       , Gs^Fp       , Gs^Fp       , Gs^Fp       , Hh          , Gs^Fp       , Hh          , Hh          , Gs^Fp       
Gs^Fp       , Gs^Fp       , Re          , Re          , Re          , Ss          , Re          , Ss          , Rd          , Re          , Ss          , Re          , Ss          , Ss          , Gs^Fp       , Re          , Gs^Fp       , Gs^Fp       , Gs          , Gs^Fp       , Gs          , Gs^Fp       , Gs^Fp       , Gs^Fp       , Gs^Fp       , Gs^Fp       , Gs^Fp       , Gs^Fp       , Gs          , Gs^Fp       , Gs^Fp       , Gs^Fp       , Gs^Fp       , Gs^Fp       , Rd          , Rd          , Gs^Fp       , Gs^Fp       , Gs^Fp       , Gs^Fp       , Gs          , Gs^Fp       , Gs^Fp       , Gs^Fp       , Gs^Fp       , Gs^Fp       , Hh          , Gs^Fp       , Gs^Fp       , Gs^Fp       , Hh          , Hh          
Gs^Fp       , Gs^Fp       , Re          , Gs^Fp       , Gs^Fp       , Ss          , Re          , Ss          , Cud         , Rd          , Rd          , Ss          , Ss          , Ss          , Gs^Fp       , Gg^Ve       , Gs^Fp       , Gs^Fp       , Gs^Fp       , Gs          , Gs          , Gs          , Gs^Fp       , Gs^Fp       , Gs^Fp       , Gs          , Gs^Fp       , Gs^Fp       , Re          , Gs          , Ss          , Re          , Rd          , Rd          , Gs^Fp       , Gs^Fp       , Re          , Gs^Fp       , Gs^Fp       , Gs^Fp       , Gs^Fp       , Gs^Fp       , Gs^Fp       , Gs^Fp       , Hh          , Hh          , Hh          , Gs^Fp       , Gs^Fp       , Hh          , Hh          , Hh          
Gs^Fp       , Gs^Fp       , Gs^Fp       , Gs^Fp       , Ss          , Ss          , Ss          , Cud         , 3 Kud       , Cud         , Rd          , Gs^Fp       , Rd          , Rd          , Rd          , Rd          , Rd          , Gs^Fp       , Rd          , Gs^Fp       , Rd          , Gs^Fp       , Rd          , Rd          , Rd          , Rd          , Rd          , Rd          , Rd          , Ss          , Rd          , Rd          , Ss          , Ss          , Ss          , Gs^Fp       , Gs^Fp       , Gs^Fp       , Hh          , Hh          , Hh          , Hh          , Gs^Fp       , Gs^Fp       , Gs^Fp       , Hh          , Gs^Fp       , Gs^Fp       , Hh          , Hh          , Hh          , Hh          
Gs^Fp       , Gs^Fp       , Ss          , Gs^Fp       , Gs^Fp       , Ss          , Re          , Cud         , Cud         , Cud         , Rd          , Rd          , Gs^Fp       , Gs^Fp       , Gs^Fp       , Gs^Fp       , Gs^Fp       , Rd          , Gs^Fp       , Rd          , Gs^Fp       , Rd          , Gs^Fp       , Gs^Fp       , Hh          , Gs^Fp       , Gs^Fp       , Gs^Fp       , Gs^Fp       , Rd          , Cud         , Cud         , Cud         , Ss          , Ss          , Gs^Fp       , Re          , Gs^Fp       , Hh          , Hh          , Hh          , Gs^Fp       , Gs^Fp       , Gs          , Gs^Fp       , Gs^Fp       , Gs^Fp       , Gs^Fp       , Hh          , Hh          , Mm          , Mm          
Gs^Fp       , Gs^Fp       , Ss          , Ss          , Gs^Fp       , Re          , Re          , Re          , Rd          , Rd          , Re          , Ss          , Ss          , Gs^Fp       , Gs^Fp       , Gs^Fp       , Gs^Fp       , Gs^Fp       , Gs^Fp       , Gs^Fp       , Gs^Fp       , Gs^Fp       , Hh          , Hh          , Gg^Ve       , Hh          , Hh          , Gs^Fp       , Ss          , Rd          , Cud         , 5 Kud       , Cud         , Re          , Re          , Gs^Fp       , Hh          , Hh          , Hh          , Hh          , Hh          , Hh          , Gs^Fp       , Gs^Fp       , Gs^Fp       , Gs^Fp       , Gs^Fp       , Gs^Fp       , Hh          , Hh          , Hh          , Mm          
Gs^Fp       , Gs^Fp       , Gs^Fp       , Gs^Fp       , Gs^Fp       , Ss          , Ss          , Ss          , Rd          , Ss          , Ss          , Re          , Gs^Fp       , Gs^Fp       , Hh          , Hh          , Gs^Fp       , Gs^Fp       , Gs^Fp       , Gs^Fp       , Gs^Fp       , Gs^Fp       , Gs^Fp       , Hh          , Gs^Fp       , Hh          , Hh          , Gs^Fp       , Ss          , Rd          , Gs^Fp       , Cud         , Re          , Ss          , Ss          , Ss          , Ss          , Hh          , Hh          , Gs          , Hh          , Hh          , Gs^Fp       , Gs^Fp       , Gs^Fp       , Gs          , Gs^Fp       , Hh          , Hh          , Hh          , Hh          , Mm          
Gs^Fp       , Gs^Fp       , Gs          , Gs^Fp       , Gs^Fp       , Ss          , Ss          , Ss          , Gs^Fp       , Rd          , Gs^Fp       , Gs^Fp       , Hh          , Hh          , Gs^Fp       , Gs^Fp       , Hh          , Gs^Fp       , Gs          , Gs^Fp       , Gs^Fp       , Gs^Fp       , Gs^Fp       , Hh          , Hh          , Hh          , Hh          , Hh          , Ss          , Rd          , Rd          , Rd          , Rd          , Ss          , Gs^Fp       , Gs^Fp       , Gs^Fp       , Gs^Fp       , Gs^Fp       , Hh          , Gs^Fp       , Gs^Fp       , Gs^Fp       , Gs^Fp       , Gs^Fp       , Gs^Fp       , Gs^Fp       , Hh          , Hh          , Gs          , Hh          , Hh          
Gs^Fp       , Gs^Fp       , Gs^Fp       , Gs^Fp       , Gs^Fp       , Gs^Fp       , Gs^Fp       , Gs^Fp       , Gs^Fp       , Rd          , Gs^Fp       , Gs^Fp       , Hh          , Gs^Fp       , Hh          , Hh          , Gs^Fp       , Gs^Fp       , Gs^Fp       , Gs^Fp       , Gs^Fp       , Gs^Fp       , Gs^Fp       , Hh          , Hh          , Gs^Fp       , Hh          , Re          , Re          , Rd          , Ss          , Cud         , Ss          , Rd          , Rd          , Gs^Fp       , Gs^Fp       , Gs^Fp       , Gs^Fp       , Gs^Fp       , Gs^Fp       , Gg^Ve       , Gs^Fp       , Gs^Fp       , Gs          , Gs^Fp       , Gs^Fp       , Hh          , Hh          , Hh          , Hh          , Hh          
Gs^Fp       , Gs^Fp       , Gs^Fp       , Gs^Fp       , Rd          , Gs^Fp       , Rd          , Cud         , Rd          , Rd          , Gs^Fp       , Gs^Fp       , Gg^Ve       , Hh          , Gs^Fp       , Gs^Fp       , Gs^Fp       , Gs^Fp       , Gs^Fp       , Gs^Fp       , Gs^Fp       , Gs^Fp       , Gs^Fp       , Gs^Fp       , Gs^Fp       , Hh          , Gs^Fp       , Gs^Fp       , Gs^Fp       , Rd          , Re          , Ss          , Ss          , Gs^Fp       , Gs^Fp       , Rd          , Rd          , Rd          , Rd          , Gs^Fp       , Gs^Fp       , Gs^Fp       , Gs^Fp       , Gs^Fp       , Gs          , Gs^Fp       , Gs^Fp       , Hh          , Gs^Fp       , Hh          , Gs^Fp       , Hh          
Gs^Fp       , Rd          , Rd          , Rd          , Gs^Fp       , Rd          , Gs^Fp       , Rd          , Gs^Fp       , Gs^Fp       , Gs^Fp       , Gs^Fp       , Gs^Fp       , Hh          , Gs^Fp       , Gs^Fp       , Gs^Fp       , Gs^Fp       , Gs^Fp       , Gg^Fet      , Gs^Fp       , Gs^Fp       , Gs          , Gs^Fp       , Gs^Fp       , Gs^Fp       , Gs^Fp       , Gs^Fp       , Gs^Fp       , Rd          , Gs^Fp       , Gs^Fp       , Gs^Fp       , Gs^Fp       , Gs^Fp       , Gs^Fp       , Gs^Fp       , Gs^Fp       , Gs^Fp       , Rd          , Rd          , Gs^Fp       , Gs^Fp       , Gs^Fp       , Gs^Fp       , Gs^Fp       , Gs^Zvin     , Hh          , Hh          , Hh          , Hh          , Hh          
Gs^Fp       , Gs^Fp       , Gs^Fp       , Gs^Fp       , Gg^Ve       , Gs^Fp       , Gs^Fp       , Rd          , Gs^Fp       , Gs^Fp       , Gs^Fp       , Gs^Fp       , Gs^Fp       , Gs^Fp       , Gs^Fp       , Gs^Fp       , Gs          , Gs^Fp       , Gs^Fp       , Gg^Ve       , Gs^Fp       , Gs^Fp       , Gs^Fp       , Gs^Fp       , Gs^Fp       , Gs^Fp       , Gs^Fp       , Gg^Ve       , Rd          , Rd          , Gs^Fp       , Gs^Fp       , Gs^Fp       , Hh          , Hh          , Gs^Fp       , Hh          , Gs^Fp       , Gs^Fp       , Gs^Fp       , Gs^Fp       , Rd          , Rd          , Gs^Fp       , Gs^Zvin     , Gs^Zvin     , Gs^Zvin     , Gs^Zvin     , Gs^Zvin     , Hh          , Hh          , Hh          
Gs^Fp       , Gs^Fp       , Gs^Fp       , Gs^Fp       , Gs^Fp       , Gs^Fp       , Gs^Fp       , Rd          , Gs^Fp       , Gs^Fp       , Gs          , Gs^Fp       , Gs^Fp       , Gs^Fp       , Gs          , Gs          , Gs^Fp       , Gs^Fp       , Gs^Fp       , Gs          , Gs^Fp       , Gs^Fp       , Gs^Fp       , Gs^Fp       , Gs          , Gs^Fp       , Gs^Fp       , Gs^Fp       , Rd          , Gs^Fp       , Hh          , Hh          , Gs^Fp       , Hh          , Hh          , Hh          , Gs^Fp       , Hh          , Hh          , Gs^Fp       , Gs^Fp       , Gs^Fp       , Gs^Fp       , Rd          , Gs^Zvin     , Gs^Zvin     , Gs^Zvin     , Gs^Zvin     , Gs^Zvin     , Hh          , 6 Hh        , Hh          
Gs^Fp       , Gs^Fp       , Gs^Fp       , Gs^Fp       , Gs^Fp       , Gs^Fp       , Gs^Fp       , Rd          , Gs^Fp       , Gs^Fp       , Gs^Fp       , Gs^Fp       , Gs^Fp       , Gs^Fp       , Gs          , Gs^Fp       , Gs^Fp       , Gs^Fp       , Gs^Fp       , Gs^Fp       , Gs^Fp       , Gs^Fp       , Gs^Fp       , Gs^Fp       , Gs^Fp       , Gs^Fp       , Gs^Fp       , Gs^Fp       , Rd          , Gs^Fp       , Hh          , Hh          , Hh          , Gs^Fp       , Hh          , Hh          , Gs^Fp       , Gs^Fp       , Gs^Fp       , Hh          , Gs^Fp       , Gs          , Gs^Fp       , Gs^Fp       , Gs^Zvin     , Gs^Zvin     , Gs^Zvin     , Gs^Zvin     , Gs^Zvin     , Hh          , Hh          , Hh          
Gs^Fp       , Gs^Fp       , Gs^Fp       , Gs          , Gs^Fp       , Gs^Fp       , Gs^Fp       , Rd          , Gs^Fp       , Gs^Fp       , Gs^Fp       , Gs^Fp       , Gs^Fp       , Gs          , Gs^Fp       , Gs^Fp       , Gs^Fp       , Gs^Fp       , Gs^Fp       , Gs^Fp       , Gs          , Gs^Fp       , Gs^Fp       , Gs^Fp       , Gs^Fp       , Gs^Fp       , Rd          , Rd          , Gs^Fp       , Hh          , Gs^Fp       , Gs^Fp       , Gs^Fp       , Hh          , Gg^Ve       , Gs          , Gs          , Gs^Fp       , Gs^Fp       , Gs^Fp       , Gs          , Gs^Fp       , Gs^Fp       , Gs^Fp       , Rd          , Gs^Zvin     , Gs^Zvin     , Gs^Zvin     , Hh          , Hh          , Hh          , Hh          
Gs^Fp       , Gs^Fp       , Gg^Fet      , Gs^Fp       , Gs^Fp       , Gs^Fp       , Rd          , Rd          , Gs^Fp       , Gs^Fp       , Gs          , Gs^Fp       , Gs^Fp       , Gs^Fp       , Gs^Fp       , Hh          , Hh          , Gs          , Gs^Fp       , Gs^Fp       , Gs^Fp       , Gs          , Gs^Fp       , Gs^Fp       , Gs^Fp       , Gs^Fp       , Rd          , Gs^Fp       , Gs^Fp       , Hh          , Gs^Fp       , Gs^Fp       , Gs          , Gs^Fp       , Hh          , Gs^Fp       , Gs^Fp       , Gs^Fp       , Gs^Fp       , Gs^Fp       , Gs^Fp       , Gs          , Gs^Fp       , Gs^Fp       , Rd          , Gs^Fp       , Gs^Fp       , Gs^Fp       , Hh          , Hh          , Hh          , Hh          
Gs^Fp       , Gs^Fp       , Gs^Fp       , Gs^Fp       , Gs^Fp       , Gs^Fp       , Rd          , Gs^Fp       , Gs^Fp       , Gs^Fp       , Gs^Fp       , Gg^Fet      , Gs^Fp       , Gs^Fp       , Gs^Fp       , Hh          , Gs^Fp       , Gs^Fp       , Gs^Fp       , Gs^Fp       , Gs^Fp       , Gs^Fp       , Gs^Fp       , Gs^Fp       , Rd          , Rd          , Gs^Fp       , Gs^Fp       , Gs^Fp       , Gs^Fp       , Gs^Fp       , Gg^Fet      , Gs^Fp       , Gs^Fp       , Gs^Fp       , Hh          , Gs^Fp       , Gs^Fp       , Gg^Fet      , Gs^Fp       , Gs^Fp       , Gs          , Gg^Ve       , Gs^Fp       , Rd          , Gs^Fp       , Gs^Fp       , Hh          , Hh          , Gs          , Hh          , Hh          
Ww          , Gs^Fp       , Ww          , Gs^Fp       , Ww          , Gs^Fp       , Ww^Bw|      , Gs^Fp       , Gs^Fp       , Gs^Fp       , Gs^Fp       , Gs^Fp       , Gs^Fp       , Gs^Fp       , Gs^Fp       , Gs^Fp       , Gs^Fp       , Gs^Fp       , Gg^Fet      , Gs^Fp       , Gs^Fp       , Gs^Fp       , Gs^Fp       , Gg^Ve       , Rd          , Gs^Fp       , Gs^Fp       , Gs^Fp       , Gs          , Gs          , Gs          , Gs^Fp       , Hh          , Hh          , Hh          , Hh          , Hh          , Gs^Fp       , Gs^Fp       , Gs^Fp       , Gs^Fp       , Gs^Fp       , Gs^Fp       , Gs^Fp       , Rd          , Gs^Fp       , Gs          , Gs^Fp       , Hh          , Hh          , Hh          , Hh          
Ww          , Ww          , Ww          , Ww          , Ww          , Ww          , Ww^Bw|      , Ww          , Ww          , Ww          , Ww          , Ww          , Ww          , Gs^Fp       , Gs^Fp       , Gs^Fp       , Gs^Fp       , Gs^Fp       , Gs^Fp       , Gs^Fp       , Gs^Fp       , Gs^Fp       , Rd          , Rd          , Gs^Fp       , Gs^Fp       , Gs^Fp       , Gs^Fp       , Gs^Fp       , Gs          , Hh          , Gs^Fp       , Hh          , Hh          , Hh          , Hh          , Hh          , Gs^Fp       , Hh          , Gs          , Gs^Fp       , Gs^Fp       , Gs^Fp       , Gs^Fp       , Rd          , Gs^Fp       , Gs^Fp       , Gs^Fp       , Gs^Fp       , Hh          , Hh          , Hh          
Gs^Fp       , Ww          , Gs          , Ww          , Gs^Fp       , Ww          , Rr          , Ww          , Ww          , Ww          , Ww          , Ww          , Ww          , Ww          , Ww          , Gs^Fp       , Gs^Fp       , Gs^Fp       , Rd          , Rd          , Rd          , Rd          , Gs^Fp       , Gs^Fp       , Gs^Fp       , Gs^Fp       , Gs^Fp       , Gs^Fp       , Hh          , Hh          , Gs^Fp       , Hh          , Gs^Fp       , Hh          , Hh          , Hh          , Gs^Fp       , Gs^Fp       , Gs^Fp       , Hh          , Gs^Fp       , Hh          , Gs^Fp       , Gs^Fp       , Rd          , Gs^Fp       , Gs^Fp       , Gs          , Hh          , Hh          , Gs          , Hh          
Ww          , Ww          , Gs^Fp       , Gs^Fp       , Gs^Fp       , Cv          , Rr          , Cv          , Gs^Fp       , Gg^Fet      , Gs^Fp       , Gs          , Gs^Fp       , Ww          , Ww          , Ww          , Ww^Bw/      , Rd          , Gs^Fp       , Gs^Fp       , Gs^Fp       , Gs^Fp       , Hh          , Gs^Fp       , Hh          , Hh          , Hh          , Hh          , Gs^Fp       , Gs^Fp       , Hh          , Hh          , Hh          , Gs^Fp       , Gs^Fp       , Hh          , Gs^Fp       , Gs          , Gs^Fp       , Gs^Fp       , Hh          , Hh          , Hh          , Gs^Fp       , Gs^Fp       , Rd          , Gs^Fp       , Hh          , Gs^Fp       , Hh          , Hh          , Hh          
Ww          , Gs^Fp       , Gg          , Gg^Ve       , Gs^Fp       , Gs^Fp       , Rr          , Gs^Fp       , Gg          , Gs^Fp       , Gg^Ve       , Gg          , Gs^Fp       , Cv          , Rr          , Ww^Bw/      , Ww          , Ww          , Ww          , Gs^Fp       , Gs          , Gs^Fp       , Hh          , Hh          , Hh          , Hh          , Hh          , Gs^Fp       , Hh          , Hh          , Ww          , Hh^Vhh      , Hh          , Hh          , Hh          , Gs^Fp       , Hh          , Gs^Fp       , Gs^Fp       , Hh          , Hh          , Hh          , Gs^Fp       , Gs^Fp       , Gs^Fp       , Rd          , Gs^Fp       , Gs          , Gs^Fp       , Hh          , Hh          , Hh          
Ww          , Gs^Fp       , Gg^Fet      , Gs^Fp       , Gs^Fp       , Gs^Fp       , Rr          , Gs^Fp       , Gs^Fp       , Gs^Fp       , Gs^Fp       , Gs^Fp       , Rr          , Rr          , Gs^Fp       , Cv          , Gs          , Ww          , Ww          , Gs^Fp       , Gs^Fp       , Gs^Fp       , Hh          , Hh          , Gg^Fet      , Hh          , Hh          , Gs^Fp       , Hh          , Ww          , Ww          , Ww          , Ww          , Hh          , Hh          , Hh          , Gs^Fp       , Gs^Fp       , Hh          , Hh          , Gs^Fp       , Gs^Fp       , Gs^Fp       , Gs^Fp       , Gs^Fp       , Rd          , Gs^Fp       , Gs^Fp       , Rd          , Cud         , Rd          , Rd          
Ww^Bw\      , Cv          , Gs^Fp       , Gs^Fp       , Gs^Fp       , Gs^Fp       , Rr          , Gs^Fp       , Gs^Fp       , Gs^Fp       , Gs^Fp       , Rr          , Gs^Fp       , Gs^Fp       , Gg^Ve       , Gs^Fp       , Gg^Fet      , Ww          , Ww          , Gs^Fp       , Gs^Fp       , Gs^Fp       , Gs^Fp       , Hh          , Hh          , Hh          , Hh          , Gs^Fp       , Hh          , Ww          , Ww          , Ww          , Hh          , Hh          , Gs^Fp       , Gs^Fp       , Hh          , Gs^Fp       , Hh          , Gs^Fp       , Gs^Fp       , Gs^Fp       , Gs^Fp       , Gs^Fp       , Rd          , Rd          , Rd          , Rd          , Gs^Fp       , Rd          , Hh          , Hh          
Ww          , Rr          , Rr          , Gg^Ve       , Gs^Fp       , Gs^Fp       , Rr          , Gg^Ve       , Gs^Fp       , Gg^Fet      , Gs^Fp       , Rr          , Gs^Fp       , Gs^Fp       , Gs^Fp       , Gg          , Gs^Fp       , Ww          , Ww          , Ww          , Gs^Fp       , Gs^Fp       , Gs          , Gs^Fp       , Gs^Fp       , Gs^Fp       , Gs^Fp       , Gs^Fp       , Gs^Fp       , Hh          , Hh          , Ww          , Gs^Fp       , Gs^Fp       , Gs^Fp       , Hh          , Hh          , Hh          , Gs^Fp       , Gs^Fp       , Gs^Fp       , Gs^Fp       , Rd          , Rd          , Gs^Fp       , Gs^Fp       , Gs          , Gs^Fp       , Gs^Fp       , Cud         , Hh          , Hh          
Ww          , Cv          , Gs^Fp       , Rr          , Rr          , Rr          , Gs^Fp       , Rr          , Rr          , Gs^Fp       , Kv          , Rr          , Gs^Fp       , Gs^Fp       , Gs^Fp       , Gs^Fp       , Gg^Ve       , Gs          , Ww          , Ww          , Ww          , Gs^Fp       , Gs^Fp       , Gs^Fp       , Rd          , Gs^Fp       , Gs^Fp       , Gs          , Gg^Ve       , Gs^Fp       , Gs^Fp       , Ww          , Gs^Fp       , Gs^Fp       , Gs^Fp       , Gs^Fp       , Ss          , Ss          , Ss          , Re          , Rd          , Rd          , Gs^Fp       , Gs^Fp       , Gs          , Gs^Fp       , Gs^Fp       , Gs^Fp       , Hh          , Hh          , Hh          , Hh          
Ww          , Gs^Fp       , Gg^Fet      , Rr          , Gs^Fp       , Gs^Fp       , Gs^Fp       , Gs^Fp       , Cv          , Cv          , Rp          , Cv          , Cv          , Gs^Fp       , Gs^Fp       , Gg          , Gg^Fet      , Gs^Fp       , Gs^Fp       , Ww          , Ww          , Gs^Fp       , Rd          , Rd          , Gs^Fp       , Rd          , Rd          , Gs^Fp       , Gs^Fp       , Gs^Fp       , Gs^Fp       , Ww          , Gs^Fp       , Gg^Fet      , Gs^Fp       , Gs^Fp       , Ss          , Re          , Rd          , Rd          , Ss          , Re          , Ss          , Gs^Fp       , Gg^Ve       , Gs^Fp       , Hh          , Hh          , Hh          , Gs^Fp       , Hh          , Hh          
Ww          , Gg^Ve       , Gs^Fp       , Rr          , Gs^Fp       , Gs^Fp       , Gs^Fp       , Kv          , Rp          , Gg^Fet      , Cv          , Gg^Fet      , Rp          , Kv          , Rr          , Gs^Fp       , Gs^Fp       , Gs^Fp       , Cv          , Ww          , Ww^Bw/      , Rd          , Gs^Fp       , Gs^Fp       , Gg^Fet      , Gs^Fp       , Gs^Fp       , Rd          , Rd          , Gs^Fp       , Gs^Fp       , Ww          , Rd          , Gs^Fp       , Gs^Fp       , Gs^Fp       , Rd          , Rd          , Cud         , Rd          , Rd          , Ss          , Re          , Gs^Fp       , Gs^Fp       , Gs^Fp       , Gs^Fp       , Gs^Fp       , Gs          , Gs^Fp       , Hh          , Hh          
Gs^Fp       , Ww          , Cv          , Rr          , Gs^Fp       , Gg^Ve       , Gs^Fp       , Cv          , Gg^Fet      , Cv          , 2 Kv        , Cv          , Gg^Fet      , Cv          , Gs^Fp       , Rr          , Rr          , Gs^Fp       , Rr          , Ww^Bw/      , Ww          , Ww          , Gs^Fp       , Gs^Fp       , Gs^Fp       , Gs^Fp       , Gs^Fp       , Gs^Fp       , Rd          , Rd          , Rd          , Ww^Bw/      , Gs^Fp       , Rd          , Rd          , Rd          , Ss          , Cud         , 4 Kud       , Cud         , Rd          , Re          , Ss          , Gs^Fp       , Gs^Fp       , Gg^Fet      , Gs^Fp       , Gs^Fp       , Hh          , Hh          , Hh          , Hh          
Gs^Fp       , Ww          , Rr          , Rr          , Rr          , Gs^Fp       , Gs^Fp       , Cv          , Rp          , Cv          , Cv          , Cv          , Rp          , Cv          , Gs^Fp       , Gs^Fp       , Gs^Fp       , Rr          , Gs^Fp       , Cv          , Ww          , Ww          , Gs^Fp       , Gs          , Gs^Fp       , Gs^Fp       , Rd          , Rd          , Gs^Fp       , Gs^Fp       , Ww          , Ww          , Gs^Fp       , Gs^Fp       , Gs^Fp       , Re          , Re          , Cud         , Cud         , Cud         , Rd          , Ss          , Ss          , Gs^Fp       , Gs^Fp       , Gs^Fp       , Gs          , Gs^Fp       , Hh          , Hh          , Hh          , Hh          
Rd          , Ww^Bw/      , Cv          , Gs^Fp       , Gs^Fp       , Rr          , Rr          , Kv          , Cv          , Gg^Fet      , Rp          , Gg^Fet      , Cv          , Kv          , Ww          , Gg^Ve       , Gs^Fp       , Rr          , Gg^Ve       , Gs^Fp       , Ww          , Ww          , Ss          , Gs^Fp       , Gs^Fp       , Rd          , Gs^Fp       , Gs^Fp       , Gg^Fet      , Gg^Ve       , Ww          , Gs^Fp       , Gg^Fet      , Gs^Fp       , Gs^Fp       , Gs^Fp       , Ss          , Ss          , Ss          , Ss          , Rd          , Re          , Gs^Fp       , Gs^Fp       , Gs^Fp       , Gs          , Gs^Fp       , Gs^Fp       , Hh          , Hh          , Hh          , Hh          
Gs^Fp       , Ww          , Gs^Fp       , Gs^Fp       , Gs^Fp       , Gs^Fp       , Gs^Fp       , Rr          , Rr          , Cv          , Kv          , Cv          , Rr          , Gs^Fp       , Gs^Fp       , Ww          , Gs^Fp       , Rr          , Gs^Fp       , Gg^Fet      , Ww          , Ww          , Ss          , Ss          , Ss^Bw/      , Rd          , Gs^Fp       , Gs^Fp       , Gs^Fp       , Gs^Fp       , Ww          , Gs^Fp       , Gs          , Gs^Fp       , Gs^Fp       , Ss          , Ww          , Ww          , Ww          , Cud         , Ww^Bw|      , Cud         , Gs^Fp       , Gs          , Ww          , Gs^Fp       , Ww          , Gs^Fp       , Ww          , Hh          , Ww          , Ww          
Gs^Fp       , Ww          , Gs^Fp       , Gs^Fp       , Gs^Fp       , Gg          , Gs^Fp       , Gs^Fp       , Gs^Fp       , Gs^Fp       , Gs^Fp       , Rr          , Rr          , Gg^Ve       , Gs^Fp       , Ww^Bw/      , Cv          , Rr          , Cv          , Gs          , Ww          , Ww          , Ss          , Ss^Bw|      , Ss          , Ss          , Ss          , Gs^Fp       , Gs          , Gs^Fp       , Ww          , Gs^Fp       , Gs^Fp       , Gs^Fp       , Ww          , Ww          , Ww          , Ww          , Ww          , Ww          , Ww^Bw|      , Ww          , Ww          , Ww          , Ww          , Ww          , Ww          , Ww          , Ww          , Ww          , Ww          , Ww          
Gs^Fp       , Ww          , Gs^Fp       , Gg^Ve       , Gs^Fp       , Gg^Fet      , Gs^Fp       , Gg^Ve       , Gs^Fp       , Gs^Fp       , Gs^Fp       , Cv          , Rr          , Gs^Fp       , Gs^Fp       , Ww          , Ww          , Rp          , Ww          , Ww          , Ww          , Ww          , Ww^Bw/      , Ww^Bw|      , Ww          , Ww          , Ww          , Ww          , Ww          , Ww          , Ww          , Ww          , Ww          , Ww          , Ww          , Ww          , Gs^Fp       , Gs^Fp       , Gs^Fp       , Ww          , Rd          , Ww          , Ww          , Ww          , Gs^Fp       , Ww          , Gs^Fp       , Ww          , Gs^Fp       , Ww          , Hh          , Hh          
Gs^Fp       , Ww          , Ww          , Gg^Fet      , Ww          , Gs^Fp       , Ww          , Gs^Fp       , Ww          , Ww          , Ww          , Ww          , Ww^Bw|      , Cv          , Ww          , Ww          , Gs^Fp       , Ww^Bw|      , Gs^Fp       , Gs^Fp       , Rd          , Ww^Bw/      , Ww          , Ww          , Ww          , Ww          , Ww          , Ww          , Ww          , Ww          , Gs^Fp       , Ww          , Ww          , Ww          , Gs^Fp       , Gs^Fp       , Gs^Fp       , Gs^Fp       , Gs^Vht      , Gs^Fp       , Rd          , Gs^Fp       , Rd          , Gs^Fp       , Rd          , Gs^Fp       , Rd          , Gs^Fp       , Rd          , Hh          , Hh          , Hh          
Gs^Fp       , Gs^Fp       , Gs^Fp       , Ww          , Gs^Fp       , Ww          , Gs^Fp       , Ww          , Gs^Fp       , Gs^Fp       , Gs^Fp       , Gs^Fp       , 1 Rd        , Ww          , Gs^Fp       , Gs^Fp       , Gs^Fp       , Rd          , Rd          , Rd          , Rd          , Gs^Fp       , Gs^Fp       , Gs          , Gs^Fp       , Ss          , Gs          , Gs          , Gs^Fp       , Gs          , Gs          , Gs^Fp       , Gs^Fp       , Gs^Fp       , Gs          , Gs^Fp       , Gs^Fp       , Gg^Fet      , Gs^Fp       , Gs^Fp       , Rd          , Rd          , Gs^Fp       , Rd          , Gs^Fp       , Rd          , Gs^Fp       , Rd          , Gs^Fp       , Rd          , Rd          , Rd          
Gs^Fp       , Gs^Fp       , Gs^Fp       , Gs^Fp       , Gs^Fp       , Gs^Fp       , Gs^Fp       , Gs^Fp       , Gs^Fp       , Gs^Fp       , Gs^Fp       , Gs^Fp       , Rd          , Gs^Fp       , Gs^Fp       , Gs^Fp       , Gs^Fp       , Gs^Fp       , Gs^Fp       , Gs^Fp       , Gs^Fp       , Rd          , Gs^Fp       , Gs^Fp       , Gs^Fp       , Gs^Fp       , Gs^Fp       , Gs^Fp       , Gs^Fp       , Gs^Fp       , Gs^Fp       , Gs^Fp       , Gs^Fp       , Gs^Fp       , Gs^Fp       , Gs^Fp       , Gs^Fp       , Gs^Fp       , Gs^Fp       , Gs^Fp       , Rd          , Gs^Fp       , Gs^Fp       , Gs^Fp       , Gs^Fp       , Gs^Fp       , Gs^Fp       , Gs^Fp       , Gs^Fp       , Hh          , Hh          , Hh          
